EN z1schemat NULL C:/XilinxPrj/UCiSWL5_Z1/Z1schemat.vhf sub00/vhpl02 1733830932
EN z1 NULL C:/XilinxPrj/UCiSWL5_Z1/Z1.vhd sub00/vhpl00 1733835601
AR schematz2 behavioral C:/XilinxPrj/UCiSWL5_Z1/SchematZ2.vhf sub00/vhpl05 1733835604
EN schematz2 NULL C:/XilinxPrj/UCiSWL5_Z1/SchematZ2.vhf sub00/vhpl04 1733835603
AR z1schemat behavioral C:/XilinxPrj/UCiSWL5_Z1/Z1schemat.vhf sub00/vhpl03 1733830933
AR z1 behavioral C:/XilinxPrj/UCiSWL5_Z1/Z1.vhd sub00/vhpl01 1733835602
