V3 8
FL C:/XilinxPrj/UCISWL1_Z1/schemat.vhf 2024/10/22.13:55:08 P.20131013
EN work/schemat 1729598111 FL C:/XilinxPrj/UCISWL1_Z1/schemat.vhf \
      PB ieee/std_logic_1164 1381692176 PB ieee/NUMERIC_STD 1381692181 LB UNISIM \
      PH unisim/VCOMPONENTS 1381692182
AR work/schemat/BEHAVIORAL 1729598112 \
      FL C:/XilinxPrj/UCISWL1_Z1/schemat.vhf EN work/schemat 1729598111 CP XOR2 \
      CP AND2 CP XNOR2 CP AND3
